../Core/Src/dhcp.c:257:6:default_ip_assign	8	static
../Core/Src/dhcp.c:265:6:default_ip_update	8	static
../Core/Src/dhcp.c:275:6:default_ip_conflict	8	static
../Core/Src/dhcp.c:284:6:reg_dhcp_cbfunc	24	static
../Core/Src/dhcp.c:295:6:makeDHCPMSG	24	static
../Core/Src/dhcp.c:354:6:send_DHCP_DISCOVER	32	static
../Core/Src/dhcp.c:427:6:send_DHCP_REQUEST	40	static
../Core/Src/dhcp.c:526:6:send_DHCP_DECLINE	32	static
../Core/Src/dhcp.c:586:8:parseDHCPMSG	48	static
../Core/Src/dhcp.c:708:9:DHCP_run	16	static
../Core/Src/dhcp.c:838:9:DHCP_stop	8	static
../Core/Src/dhcp.c:844:9:check_DHCP_timeout	16	static
../Core/Src/dhcp.c:897:8:check_DHCP_leasedIP	24	static
../Core/Src/dhcp.c:932:6:DHCP_init	24	static
../Core/Src/dhcp.c:967:6:reset_DHCP_timeout	4	static
../Core/Src/dhcp.c:974:6:DHCP_time_handler	4	static
../Core/Src/dhcp.c:979:6:getIPfromDHCP	16	static
../Core/Src/dhcp.c:987:6:getGWfromDHCP	16	static
../Core/Src/dhcp.c:995:6:getSNfromDHCP	16	static
../Core/Src/dhcp.c:1003:6:getDNSfromDHCP	16	static
../Core/Src/dhcp.c:1011:10:getDHCPLeasetime	4	static
../Core/Src/dhcp.c:1016:6:NibbleToHex	16	static
