../Core/Src/main.c:84:6:Handlebmsmessage_wrapper	24	static
../Core/Src/main.c:88:6:Handleimumessage_wrapper	24	static
../Core/Src/main.c:111:6:HAL_FDCAN_RxFifo0Callback	32	static
../Core/Src/main.c:133:5:main	24	static
../Core/Src/main.c:252:6:SystemClock_Config	88	static
../Core/Src/main.c:299:13:MX_FDCAN1_Init	56	static
../Core/Src/main.c:410:13:MX_SPI1_Init	8	static
../Core/Src/main.c:450:13:MX_TIM3_Init	40	static
../Core/Src/main.c:493:13:MX_DMA_Init	16	static
../Core/Src/main.c:515:13:MX_GPIO_Init	40	static
../Core/Src/main.c:560:6:Error_Handler	4	static,ignoring_inline_asm
