../Core/Src/main.c:84:6:Handlebmsmessage_wrapper	24	static
../Core/Src/main.c:88:6:Handleimumessage_wrapper	24	static
../Core/Src/main.c:111:6:HAL_FDCAN_RxFifo0Callback	32	static
../Core/Src/main.c:133:5:main	16	static
../Core/Src/main.c:255:6:SystemClock_Config	88	static
../Core/Src/main.c:302:13:MX_FDCAN1_Init	56	static
../Core/Src/main.c:413:13:MX_SPI1_Init	8	static
../Core/Src/main.c:453:13:MX_TIM3_Init	40	static
../Core/Src/main.c:496:13:MX_DMA_Init	16	static
../Core/Src/main.c:518:13:MX_GPIO_Init	40	static
../Core/Src/main.c:552:6:Error_Handler	4	static,ignoring_inline_asm
