../Core/Src/main.c:97:7:bytesToFloat	24	static
../Core/Src/main.c:159:6:W5500_Init	32	static
../Core/Src/main.c:177:6:W5500_Select	8	static
../Core/Src/main.c:182:6:W5500_Unselect	8	static
../Core/Src/main.c:187:9:W5500_ReadByte	16	static
../Core/Src/main.c:193:6:W5500_WriteByte	16	static
../Core/Src/main.c:199:6:W5500_ReadBuff	16	static
../Core/Src/main.c:206:6:W5500_WriteBuff	16	static
../Core/Src/main.c:214:6:HAL_SPI_TxCpltCallback	16	static
../Core/Src/main.c:221:6:HAL_SPI_RxCpltCallback	16	static
../Core/Src/main.c:229:6:HAL_FDCAN_RxFifo0Callback	40	static
../Core/Src/main.c:354:6:sendbmsdata	16	static
../Core/Src/main.c:371:6:sendimudata	24	static
../Core/Src/main.c:409:5:main	24	static
../Core/Src/main.c:534:6:SystemClock_Config	88	static
../Core/Src/main.c:581:13:MX_FDCAN1_Init	56	static
../Core/Src/main.c:670:13:MX_SPI2_Init	8	static
../Core/Src/main.c:710:13:MX_TIM2_Init	40	static
../Core/Src/main.c:753:13:MX_DMA_Init	16	static
../Core/Src/main.c:775:13:MX_GPIO_Init	40	static
../Core/Src/main.c:827:6:Error_Handler	4	static,ignoring_inline_asm
