../Core/Src/tcp_server.c:77:6:W5500_Select	8	static
../Core/Src/tcp_server.c:82:6:W5500_Unselect	8	static
../Core/Src/tcp_server.c:87:9:W5500_ReadByte	16	static
../Core/Src/tcp_server.c:93:6:W5500_WriteByte	16	static
../Core/Src/tcp_server.c:99:6:W5500_ReadBuff	16	static
../Core/Src/tcp_server.c:106:6:W5500_WriteBuff	16	static
../Core/Src/tcp_server.c:113:6:HAL_SPI_TxCpltCallback	16	static
../Core/Src/tcp_server.c:120:6:HAL_SPI_RxCpltCallback	16	static
../Core/Src/tcp_server.c:127:6:W5500_Init	32	static
